\set ECHO none
1..5
ok 1 - cosine_neutral_losses should be 0.081966
ok 2 - cosine_neutral_losses should be 0.967873
ok 3 - cosine_neutral_losses should be 0.709427
ok 4 - cosine_neutral_losses should be 0.000000
ok 5 - cosine_neutral_losses should be 0.019591
